// Jest Snapshot v1, https://goo.gl/fbAQLP

exports[`should render AddExpensePage correctly 1`] = `
<div>
  <hr />
  <h3>
    Add Expense
  </h3>
  <ExpenseForm
    onSubmit={[Function]}
  />
</div>
`;
