// Jest Snapshot v1, https://goo.gl/fbAQLP

exports[`should render ExpenseListItem correctly 1`] = `
<div
  className="expense-list-item"
>
  <hr />
  <Link
    to="/edit/undefined"
  >
    <h3 />
  </Link>
  <h5>
    $
     - 
    21.01.2020.
  </h5>
  <p />
</div>
`;
