// Jest Snapshot v1, https://goo.gl/fbAQLP

exports[`should render Header correctly 1`] = `
<h1>
  404: Page not found! 
  <Link
    to="/"
  >
    Go home.
  </Link>
</h1>
`;
